Enter password:
Welcome to the MySQL monitor.  Commands end with ; or \g.
Your MySQL connection id is 8
Server version: 8.0.21 MySQL Community Server - GPL

Copyright (c) 2000, 2020, Oracle and/or its affiliates. All rights reserved.

Oracle is a registered trademark of Oracle Corporation and/or its
affiliates. Other names may be trademarks of their respective
owners.

Type 'help;' or '\h' for help. Type '\c' to clear the current input statement.

mysql> \. C:\dbms\bankdb.sql
Query OK, 0 rows affected, 1 warning (0.00 sec)

Query OK, 1 row affected (0.05 sec)

Database changed
Query OK, 0 rows affected, 1 warning (0.00 sec)

Query OK, 0 rows affected, 1 warning (0.00 sec)

Query OK, 0 rows affected, 1 warning (0.00 sec)

Query OK, 0 rows affected, 1 warning (0.00 sec)

Query OK, 0 rows affected, 1 warning (0.00 sec)

Query OK, 0 rows affected, 1 warning (0.00 sec)

Query OK, 0 rows affected, 1 warning (0.00 sec)

Query OK, 0 rows affected, 1 warning (0.00 sec)

Query OK, 0 rows affected, 1 warning (0.00 sec)

Query OK, 0 rows affected, 1 warning (0.00 sec)

Query OK, 0 rows affected, 1 warning (0.00 sec)

Query OK, 0 rows affected, 1 warning (0.00 sec)

Query OK, 0 rows affected, 1 warning (0.00 sec)

Query OK, 0 rows affected (0.03 sec)

Query OK, 0 rows affected (0.05 sec)

Query OK, 0 rows affected (0.03 sec)

Query OK, 0 rows affected (0.03 sec)

Query OK, 0 rows affected (0.04 sec)

Query OK, 0 rows affected (0.02 sec)

Query OK, 0 rows affected (0.03 sec)

Query OK, 0 rows affected (0.01 sec)

Query OK, 0 rows affected (0.02 sec)

Query OK, 0 rows affected (0.02 sec)

Query OK, 0 rows affected (0.02 sec)

Query OK, 0 rows affected (0.02 sec)

Query OK, 0 rows affected (0.02 sec)

Query OK, 1 row affected (0.01 sec)

Query OK, 1 row affected (0.00 sec)

Query OK, 1 row affected (0.00 sec)

Query OK, 1 row affected (0.00 sec)

Query OK, 1 row affected (0.00 sec)

Query OK, 1 row affected (0.00 sec)

Query OK, 1 row affected (0.00 sec)

Query OK, 1 row affected (0.00 sec)

Query OK, 1 row affected (0.00 sec)

Query OK, 1 row affected (0.00 sec)

Query OK, 1 row affected (0.00 sec)

Query OK, 1 row affected (0.00 sec)

Query OK, 1 row affected (0.00 sec)

Query OK, 1 row affected (0.00 sec)

Query OK, 1 row affected (0.00 sec)

Query OK, 1 row affected (0.00 sec)

Query OK, 1 row affected (0.00 sec)

Query OK, 1 row affected (0.00 sec)

Query OK, 1 row affected (0.00 sec)

Query OK, 1 row affected (0.00 sec)

Query OK, 1 row affected (0.00 sec)

Query OK, 1 row affected (0.00 sec)

Query OK, 1 row affected (0.00 sec)

Query OK, 1 row affected (0.00 sec)

Query OK, 1 row affected (0.00 sec)

Query OK, 1 row affected (0.00 sec)

Query OK, 1 row affected (0.00 sec)

Query OK, 1 row affected (0.00 sec)

Query OK, 1 row affected (0.00 sec)

Query OK, 1 row affected (0.00 sec)

Query OK, 1 row affected (0.00 sec)

Query OK, 1 row affected (0.00 sec)

Query OK, 1 row affected (0.00 sec)

Query OK, 1 row affected (0.00 sec)

Query OK, 1 row affected (0.00 sec)

Query OK, 1 row affected (0.00 sec)

Query OK, 1 row affected (0.00 sec)

Query OK, 1 row affected (0.00 sec)

Query OK, 1 row affected (0.00 sec)

Query OK, 1 row affected (0.00 sec)

Query OK, 1 row affected (0.00 sec)

Query OK, 1 row affected (0.00 sec)

Query OK, 1 row affected (0.00 sec)

Query OK, 1 row affected (0.00 sec)

Query OK, 1 row affected (0.00 sec)

Query OK, 1 row affected (0.00 sec)

Query OK, 1 row affected (0.00 sec)

Query OK, 1 row affected (0.00 sec)

Query OK, 1 row affected (0.00 sec)

Query OK, 1 row affected (0.00 sec)

Query OK, 1 row affected (0.00 sec)

Query OK, 1 row affected (0.00 sec)

Query OK, 1 row affected (0.00 sec)

Query OK, 1 row affected (0.00 sec)

Query OK, 1 row affected (0.00 sec)

Query OK, 1 row affected (0.00 sec)

Query OK, 1 row affected (0.00 sec)

Query OK, 1 row affected (0.00 sec)

Query OK, 1 row affected (0.00 sec)

Query OK, 1 row affected (0.00 sec)

Query OK, 1 row affected (0.00 sec)

Query OK, 1 row affected (0.00 sec)

Query OK, 1 row affected (0.00 sec)

Query OK, 1 row affected (0.00 sec)

Query OK, 1 row affected (0.00 sec)

Query OK, 1 row affected (0.00 sec)

Query OK, 1 row affected (0.00 sec)

Query OK, 1 row affected (0.00 sec)

Query OK, 1 row affected (0.00 sec)

Query OK, 1 row affected (0.00 sec)

Query OK, 1 row affected (0.00 sec)

Query OK, 1 row affected (0.00 sec)

Query OK, 1 row affected (0.00 sec)

Query OK, 1 row affected (0.00 sec)

Query OK, 1 row affected (0.00 sec)

Query OK, 1 row affected (0.00 sec)

Query OK, 1 row affected (0.00 sec)

Query OK, 1 row affected (0.00 sec)

Query OK, 1 row affected (0.00 sec)

Query OK, 1 row affected (0.00 sec)

Query OK, 1 row affected (0.00 sec)

Query OK, 1 row affected (0.00 sec)

Query OK, 1 row affected (0.00 sec)

Query OK, 1 row affected (0.00 sec)

Query OK, 1 row affected (0.00 sec)

Query OK, 1 row affected (0.00 sec)

Query OK, 1 row affected (0.00 sec)

Query OK, 1 row affected (0.00 sec)

Query OK, 1 row affected (0.00 sec)

Query OK, 1 row affected (0.00 sec)

Query OK, 1 row affected (0.00 sec)

Query OK, 1 row affected (0.00 sec)

Query OK, 1 row affected (0.00 sec)

Query OK, 1 row affected (0.00 sec)

Query OK, 1 row affected (0.00 sec)

Query OK, 1 row affected (0.00 sec)

Query OK, 1 row affected (0.00 sec)

Query OK, 1 row affected (0.00 sec)

Query OK, 1 row affected (0.00 sec)

Query OK, 1 row affected (0.00 sec)

Query OK, 1 row affected (0.00 sec)

Query OK, 1 row affected (0.00 sec)

Query OK, 1 row affected (0.00 sec)

Query OK, 1 row affected (0.00 sec)

Query OK, 1 row affected (0.00 sec)

Query OK, 1 row affected (0.00 sec)

Query OK, 1 row affected (0.00 sec)

Query OK, 1 row affected (0.00 sec)

Query OK, 1 row affected (0.00 sec)

Query OK, 1 row affected (0.00 sec)

Query OK, 1 row affected (0.00 sec)

Query OK, 1 row affected (0.00 sec)

Query OK, 1 row affected (0.00 sec)

Query OK, 1 row affected (0.00 sec)

Query OK, 1 row affected (0.00 sec)

Query OK, 1 row affected (0.00 sec)

Query OK, 1 row affected (0.00 sec)

Query OK, 1 row affected (0.00 sec)

Query OK, 1 row affected (0.00 sec)

Query OK, 1 row affected (0.00 sec)

Query OK, 1 row affected (0.00 sec)

Query OK, 1 row affected (0.00 sec)

Query OK, 1 row affected (0.00 sec)

Query OK, 1 row affected (0.00 sec)

Query OK, 1 row affected (0.00 sec)

Query OK, 1 row affected (0.00 sec)

mysql> use bankdb;
Database changed
mysql> show tables;
+------------------+
| Tables_in_bankdb |
+------------------+
| account          |
| borrower         |
| branch           |
| checking_account |
| cust_banker      |
| customer         |
| dependent_name   |
| depositor        |
| employee         |
| loan             |
| payment          |
| savings_account  |
| works_for        |
+------------------+
13 rows in set (0.01 sec)

mysql> desc account;
+----------------+---------------+------+-----+---------+-------+
| Field          | Type          | Null | Key | Default | Extra |
+----------------+---------------+------+-----+---------+-------+
| account_number | varchar(15)   | NO   | PRI | NULL    |       |
| branch_name    | varchar(15)   | NO   |     | NULL    |       |
| balance        | decimal(10,2) | NO   |     | NULL    |       |
| status         | varchar(15)   | YES  |     | NULL    |       |
+----------------+---------------+------+-----+---------+-------+
4 rows in set (0.00 sec)

mysql> desc borrower;
+-------------+-------------+------+-----+---------+-------+
| Field       | Type        | Null | Key | Default | Extra |
+-------------+-------------+------+-----+---------+-------+
| customer_id | varchar(15) | NO   | PRI | NULL    |       |
| loan_number | varchar(15) | NO   | PRI | NULL    |       |
+-------------+-------------+------+-----+---------+-------+
2 rows in set (0.00 sec)

mysql> desc branch;
+-------------+---------------+------+-----+---------+-------+
| Field       | Type          | Null | Key | Default | Extra |
+-------------+---------------+------+-----+---------+-------+
| branch_name | varchar(15)   | NO   | PRI | NULL    |       |
| branch_city | varchar(15)   | NO   |     | NULL    |       |
| assets      | decimal(10,2) | NO   |     | NULL    |       |
+-------------+---------------+------+-----+---------+-------+
3 rows in set (0.00 sec)

mysql> desc checking_account;
+------------------+---------------+------+-----+---------+-------+
| Field            | Type          | Null | Key | Default | Extra |
+------------------+---------------+------+-----+---------+-------+
| account_number   | varchar(15)   | NO   | PRI | NULL    |       |
| overdraft_amount | decimal(10,2) | NO   |     | NULL    |       |
+------------------+---------------+------+-----+---------+-------+
2 rows in set (0.00 sec)

mysql> select * from account;
+----------------+-------------+----------+--------+
| account_number | branch_name | balance  | status |
+----------------+-------------+----------+--------+
| A-101          | Downtown    | 50000.00 |        |
| A-215          | Mianus      |   700.00 |        |
| A-102          | Mianus      |   415.00 |        |
| A-305          | Round Hill  |   350.00 |        |
| A-201          | Perryridge  |  9002.00 |        |
| A-222          | Redwood     |  7050.00 |        |
| A-217          | Brighton    |   750.00 |        |
| A-333          | Central     |   850.00 |        |
| A-444          | North Town  |  6525.00 |        |
| A-555          | Downtown    | 10000.00 |        |
+----------------+-------------+----------+--------+
10 rows in set (0.00 sec)

mysql> select * from borrower;
+-------------+-------------+
| customer_id | loan_number |
+-------------+-------------+
| CUS-00001   | L-17        |
| CUS-00002   | L-11        |
| CUS-00002   | L-21        |
| CUS-00002   | L-23        |
| CUS-00003   | L-15        |
| CUS-00004   | L-93        |
| CUS-00007   | L-17        |
| CUS-00008   | L-16        |
| CUS-00013   | L-14        |
| CUS-00015   | L-20        |
+-------------+-------------+
10 rows in set (0.00 sec)

mysql> select * from depositor;
+-------------+----------------+-------------+
| customer_id | account_number | access_date |
+-------------+----------------+-------------+
| CUS-00009   | A-101          | 2006-10-01  |
| CUS-00002   | A-215          | 2005-09-23  |
| CUS-00003   | A-102          | 2007-04-08  |
| CUS-00003   | A-101          | 2005-01-06  |
| CUS-00006   | A-305          | 2004-05-12  |
| CUS-00009   | A-201          | 2006-02-17  |
| CUS-00001   | A-217          | 2001-07-17  |
| CUS-00006   | A-222          | 1990-10-01  |
| CUS-00014   | A-333          | 1989-03-07  |
| CUS-00002   | A-444          | 2007-04-30  |
| CUS-00003   | A-444          | 2007-04-30  |
+-------------+----------------+-------------+
11 rows in set (0.00 sec)

mysql> select * from payment;
+-------------+----------------+--------------+----------------+
| loan_number | payment_number | payment_date | payment_amount |
+-------------+----------------+--------------+----------------+
| L-17        | 001            | 2007-01-01   |         150.67 |
| L-17        | 002            | 2007-02-01   |         150.23 |
| L-17        | 003            | 2007-03-01   |         150.78 |
| L-23        | 001            | 2005-03-28   |         400.02 |
| L-23        | 002            | 2005-04-28   |         600.89 |
| L-23        | 003            | 2005-05-28   |          50.90 |
| L-23        | 004            | 2005-05-28   |          25.76 |
| L-15        | 001            | 2005-05-28   |         135.26 |
+-------------+----------------+--------------+----------------+
8 rows in set (0.00 sec)

mysql> select * from savings_account;
+----------------+---------------+
| account_number | interest_rate |
+----------------+---------------+
| A-101          |          0.20 |
| A-222          |          0.50 |
| A-102          |          0.10 |
+----------------+---------------+
3 rows in set (0.00 sec)

mysql> \. C:\dbms\bankdb.sql
Query OK, 13 rows affected (0.37 sec)

Query OK, 1 row affected (0.00 sec)

Database changed
Query OK, 0 rows affected, 1 warning (0.00 sec)

Query OK, 0 rows affected, 1 warning (0.00 sec)

Query OK, 0 rows affected, 1 warning (0.00 sec)

Query OK, 0 rows affected, 1 warning (0.00 sec)

Query OK, 0 rows affected, 1 warning (0.00 sec)

Query OK, 0 rows affected, 1 warning (0.00 sec)

Query OK, 0 rows affected, 1 warning (0.00 sec)

Query OK, 0 rows affected, 1 warning (0.00 sec)

Query OK, 0 rows affected, 1 warning (0.00 sec)

Query OK, 0 rows affected, 1 warning (0.00 sec)

Query OK, 0 rows affected, 1 warning (0.00 sec)

Query OK, 0 rows affected, 1 warning (0.00 sec)

Query OK, 0 rows affected, 1 warning (0.00 sec)

Query OK, 0 rows affected (0.03 sec)

Query OK, 0 rows affected (0.03 sec)

Query OK, 0 rows affected (0.03 sec)

Query OK, 0 rows affected (0.03 sec)

Query OK, 0 rows affected (0.03 sec)

Query OK, 0 rows affected (0.03 sec)

Query OK, 0 rows affected (0.03 sec)

Query OK, 0 rows affected (0.02 sec)

Query OK, 0 rows affected (0.03 sec)

Query OK, 0 rows affected (0.03 sec)

Query OK, 0 rows affected (0.03 sec)

Query OK, 0 rows affected (0.03 sec)

Query OK, 0 rows affected (0.03 sec)

Query OK, 1 row affected (0.00 sec)

Query OK, 1 row affected (0.00 sec)

Query OK, 1 row affected (0.00 sec)

Query OK, 1 row affected (0.00 sec)

Query OK, 1 row affected (0.00 sec)

Query OK, 1 row affected (0.00 sec)

Query OK, 1 row affected (0.00 sec)

Query OK, 1 row affected (0.00 sec)

Query OK, 1 row affected (0.00 sec)

Query OK, 1 row affected (0.00 sec)

Query OK, 1 row affected (0.00 sec)

Query OK, 1 row affected (0.00 sec)

Query OK, 1 row affected (0.00 sec)

Query OK, 1 row affected (0.00 sec)

Query OK, 1 row affected (0.00 sec)

Query OK, 1 row affected (0.00 sec)

Query OK, 1 row affected (0.00 sec)

Query OK, 1 row affected (0.00 sec)

Query OK, 1 row affected (0.00 sec)

Query OK, 1 row affected (0.00 sec)

Query OK, 1 row affected (0.00 sec)

Query OK, 1 row affected (0.00 sec)

Query OK, 1 row affected (0.00 sec)

Query OK, 1 row affected (0.00 sec)

Query OK, 1 row affected (0.00 sec)

Query OK, 1 row affected (0.00 sec)

Query OK, 1 row affected (0.00 sec)

Query OK, 1 row affected (0.00 sec)

Query OK, 1 row affected (0.00 sec)

Query OK, 1 row affected (0.00 sec)

Query OK, 1 row affected (0.00 sec)

Query OK, 1 row affected (0.00 sec)

Query OK, 1 row affected (0.00 sec)

Query OK, 1 row affected (0.00 sec)

Query OK, 1 row affected (0.00 sec)

Query OK, 1 row affected (0.00 sec)

Query OK, 1 row affected (0.00 sec)

Query OK, 1 row affected (0.00 sec)

Query OK, 1 row affected (0.00 sec)

Query OK, 1 row affected (0.00 sec)

Query OK, 1 row affected (0.00 sec)

Query OK, 1 row affected (0.00 sec)

Query OK, 1 row affected (0.00 sec)

Query OK, 1 row affected (0.00 sec)

Query OK, 1 row affected (0.00 sec)

Query OK, 1 row affected (0.00 sec)

Query OK, 1 row affected (0.00 sec)

Query OK, 1 row affected (0.00 sec)

Query OK, 1 row affected (0.00 sec)

Query OK, 1 row affected (0.00 sec)

Query OK, 1 row affected (0.00 sec)

Query OK, 1 row affected (0.00 sec)

Query OK, 1 row affected (0.00 sec)

Query OK, 1 row affected (0.00 sec)

Query OK, 1 row affected (0.00 sec)

Query OK, 1 row affected (0.00 sec)

Query OK, 1 row affected (0.00 sec)

Query OK, 1 row affected (0.00 sec)

Query OK, 1 row affected (0.00 sec)

Query OK, 1 row affected (0.00 sec)

Query OK, 1 row affected (0.00 sec)

Query OK, 1 row affected (0.00 sec)

Query OK, 1 row affected (0.00 sec)

Query OK, 1 row affected (0.00 sec)

Query OK, 1 row affected (0.00 sec)

Query OK, 1 row affected (0.00 sec)

Query OK, 1 row affected (0.00 sec)

Query OK, 1 row affected (0.00 sec)

Query OK, 1 row affected (0.00 sec)

Query OK, 1 row affected (0.00 sec)

Query OK, 1 row affected (0.00 sec)

Query OK, 1 row affected (0.00 sec)

Query OK, 1 row affected (0.00 sec)

Query OK, 1 row affected (0.00 sec)

Query OK, 1 row affected (0.00 sec)

Query OK, 1 row affected (0.00 sec)

Query OK, 1 row affected (0.00 sec)

Query OK, 1 row affected (0.00 sec)

Query OK, 1 row affected (0.00 sec)

Query OK, 1 row affected (0.00 sec)

Query OK, 1 row affected (0.00 sec)

Query OK, 1 row affected (0.00 sec)

Query OK, 1 row affected (0.00 sec)

Query OK, 1 row affected (0.00 sec)

Query OK, 1 row affected (0.00 sec)

Query OK, 1 row affected (0.00 sec)

Query OK, 1 row affected (0.00 sec)

Query OK, 1 row affected (0.00 sec)

Query OK, 1 row affected (0.00 sec)

Query OK, 1 row affected (0.00 sec)

Query OK, 1 row affected (0.00 sec)

Query OK, 1 row affected (0.00 sec)

Query OK, 1 row affected (0.00 sec)

Query OK, 1 row affected (0.00 sec)

Query OK, 1 row affected (0.00 sec)

Query OK, 1 row affected (0.00 sec)

Query OK, 1 row affected (0.00 sec)

Query OK, 1 row affected (0.00 sec)

Query OK, 1 row affected (0.00 sec)

Query OK, 1 row affected (0.00 sec)

Query OK, 1 row affected (0.00 sec)

Query OK, 1 row affected (0.00 sec)

Query OK, 1 row affected (0.00 sec)

Query OK, 1 row affected (0.00 sec)

Query OK, 1 row affected (0.00 sec)

Query OK, 1 row affected (0.00 sec)

Query OK, 1 row affected (0.00 sec)

Query OK, 1 row affected (0.00 sec)

Query OK, 1 row affected (0.00 sec)

Query OK, 1 row affected (0.00 sec)

Query OK, 1 row affected (0.00 sec)

Query OK, 1 row affected (0.00 sec)

Query OK, 1 row affected (0.00 sec)

Query OK, 1 row affected (0.00 sec)

Query OK, 1 row affected (0.00 sec)

Query OK, 1 row affected (0.00 sec)

Query OK, 1 row affected (0.00 sec)

Query OK, 1 row affected (0.00 sec)

Query OK, 1 row affected (0.00 sec)

Query OK, 1 row affected (0.00 sec)

Query OK, 1 row affected (0.00 sec)

Query OK, 1 row affected (0.00 sec)

Query OK, 1 row affected (0.00 sec)

Query OK, 1 row affected (0.00 sec)

Query OK, 1 row affected (0.00 sec)

Query OK, 1 row affected (0.00 sec)

+---------------+----------------+
| customer_name | account_number |
+---------------+----------------+
| Jones         | A-217          |
| Smith         | A-215          |
| Smith         | A-444          |
| Hayes         | A-101          |
| Hayes         | A-102          |
| Hayes         | A-444          |
| Turner        | A-222          |
| Turner        | A-305          |
| Johnson       | A-101          |
| Johnson       | A-201          |
| Majeris       | A-333          |
+---------------+----------------+
11 rows in set (0.00 sec)

mysql> \. C:\dbms\bankdb.sql
+---------------+----------------+
| customer_name | account_number |
+---------------+----------------+
| Jones         | A-217          |
| Smith         | A-215          |
| Smith         | A-444          |
| Hayes         | A-101          |
| Hayes         | A-102          |
| Hayes         | A-444          |
| Turner        | A-222          |
| Turner        | A-305          |
| Johnson       | A-101          |
| Johnson       | A-201          |
| Majeris       | A-333          |
+---------------+----------------+
11 rows in set (0.00 sec)

mysql> select * from customer;
+-------------+---------------+-----------------+---------------+
| customer_id | customer_name | customer_street | customer_city |
+-------------+---------------+-----------------+---------------+
| CUS-00001   | Jones         | Main            | Harrison      |
| CUS-00002   | Smith         | Main            | Rye           |
| CUS-00003   | Hayes         | Main            | Harrison      |
| CUS-00004   | Curry         | North           | Rye           |
| CUS-00005   | Lindsay       | Park            | Pittsfield    |
| CUS-00006   | Turner        | Putnam          | Stamford      |
| CUS-00007   | Williams      | Nassau          | Princeton     |
| CUS-00008   | Adams         | Spring          | Pittsfield    |
| CUS-00009   | Johnson       | Alma            | Palo Alto     |
| CUS-00010   | Glenn         | Sand Hill       | Woodside      |
| CUS-00011   | Brooks        | Senator         | Brooklyn      |
| CUS-00012   | Green         | Walnut          | Stamford      |
| CUS-00013   | Jackson       | University      | Salt Lake     |
| CUS-00014   | Majeris       | First           | Rye           |
| CUS-00015   | McBride       | Safety          | Rye           |
+-------------+---------------+-----------------+---------------+
15 rows in set (0.00 sec)

mysql> \. C:\dbms\bankdb.sql
ERROR 1064 (42000): You have an error in your SQL syntax; check the manual that corresponds to your MySQL server version for the right syntax to use near 'd Jan 1, 2001 and Dec 31, 2006(
SELECT customer.customer_name, depositor.account' at line 1
mysql> \. C:\dbms\bankdb.sql
ERROR 1064 (42000): You have an error in your SQL syntax; check the manual that corresponds to your MySQL server version for the right syntax to use near '<= '2006-12-31'' at line 4
mysql> \. C:\dbms\bankdb.sql
ERROR 1064 (42000): You have an error in your SQL syntax; check the manual that corresponds to your MySQL server version for the right syntax to use near '<= '2006-12-31'' at line 4
mysql> \. C:\dbms\bankdb.sql
ERROR 1064 (42000): You have an error in your SQL syntax; check the manual that corresponds to your MySQL server version for the right syntax to use near '<= '2006-12-31'' at line 4
mysql> \. C:\dbms\bankdb.sql
ERROR 1064 (42000): You have an error in your SQL syntax; check the manual that corresponds to your MySQL server version for the right syntax to use near '<= '2006-12-31'' at line 4
mysql> \. C:\dbms\bankdb.sql
+---------------+----------------+
| customer_name | account_number |
+---------------+----------------+
| Johnson       | A-101          |
| Smith         | A-215          |
| Hayes         | A-102          |
| Hayes         | A-101          |
| Turner        | A-305          |
| Johnson       | A-201          |
| Jones         | A-217          |
| Smith         | A-444          |
| Hayes         | A-444          |
+---------------+----------------+
9 rows in set (0.00 sec)

mysql> \. C:\dbms\bankdb.sql
+---------------+----------------+
| customer_name | account_number |
+---------------+----------------+
| Johnson       | A-101          |
| Smith         | A-215          |
| Hayes         | A-101          |
| Turner        | A-305          |
| Johnson       | A-201          |
| Jones         | A-217          |
+---------------+----------------+
6 rows in set (0.00 sec)

mysql> \. C:\dbms\bankdb.sql
+---------------+----------------+
| customer_name | account_number |
+---------------+----------------+
| Johnson       | A-101          |
| Smith         | A-215          |
| Hayes         | A-101          |
| Turner        | A-305          |
| Johnson       | A-201          |
| Jones         | A-217          |
+---------------+----------------+
6 rows in set (0.00 sec)

mysql> \. C:\dbms\bankdb.sql
+---------------+----------------+
| customer_name | account_number |
+---------------+----------------+
| Johnson       | A-101          |
| Smith         | A-215          |
| Hayes         | A-101          |
| Turner        | A-305          |
| Johnson       | A-201          |
| Jones         | A-217          |
+---------------+----------------+
6 rows in set (0.00 sec)

mysql> \. C:\dbms\bankdb.sql
Query OK, 0 rows affected (0.04 sec)

mysql> CALL GetCustAcct('Hayes');
+----------------+
| account_number |
+----------------+
| A-101          |
+----------------+
1 row in set (0.00 sec)

Query OK, 0 rows affected (0.00 sec)

mysql> CALL GetCustAcct('hayes');
+----------------+
| account_number |
+----------------+
| A-101          |
+----------------+
1 row in set (0.00 sec)

Query OK, 0 rows affected (0.01 sec)

mysql> CALL GetCustAcct('Turner');
+----------------+
| account_number |
+----------------+
| A-305          |
+----------------+
1 row in set (0.00 sec)

Query OK, 0 rows affected (0.00 sec)

mysql> CALL GetCustAcct('Jones');
+----------------+
| account_number |
+----------------+
| A-217          |
+----------------+
1 row in set (0.00 sec)

Query OK, 0 rows affected (0.01 sec)

mysql> CALL GetCustAcct('Johnson');
+----------------+
| account_number |
+----------------+
| A-101          |
| A-201          |
+----------------+
2 rows in set (0.00 sec)

Query OK, 0 rows affected (0.01 sec)

mysql> CALL GetCustAcct('Smith');
+----------------+
| account_number |
+----------------+
| A-215          |
+----------------+
1 row in set (0.00 sec)

Query OK, 0 rows affected (0.01 sec)

mysql> CALL GetCustAcct('Hayes');
+----------------+
| account_number |
+----------------+
| A-101          |
+----------------+
1 row in set (0.00 sec)

Query OK, 0 rows affected (0.00 sec)

mysql> CALL GetCustAcct('Turner');
+----------------+
| account_number |
+----------------+
| A-305          |
+----------------+
1 row in set (0.00 sec)

Query OK, 0 rows affected (0.01 sec)

mysql> CALL GetCustAcct('Jones');
+----------------+
| account_number |
+----------------+
| A-217          |
+----------------+
1 row in set (0.00 sec)

Query OK, 0 rows affected (0.00 sec)

mysql> \. C:\dbms\bankdb.sql
mysql> \. C:\dbms\bankdb.sql;
ERROR:
Failed to open file 'C:\dbms\bankdb.sql;', error: 2
mysql> \. C:\dbms\bankdb.sql
Query OK, 0 rows affected (0.02 sec)

mysql> show tables;
+------------------+
| Tables_in_bankdb |
+------------------+
| account          |
| borrower         |
| branch           |
| checking_account |
| cust_banker      |
| customer         |
| dependent_name   |
| depositor        |
| employee         |
| loan             |
| payment          |
| savings_account  |
| worker           |
| works_for        |
+------------------+
14 rows in set (0.00 sec)

mysql> desc worker;
+------------+--------------+------+-----+---------+----------------+
| Field      | Type         | Null | Key | Default | Extra          |
+------------+--------------+------+-----+---------+----------------+
| workerid   | int          | NO   | PRI | NULL    | auto_increment |
| workername | varchar(20)  | YES  |     | NULL    |                |
| city       | varchar(20)  | YES  |     | NULL    |                |
| salary     | decimal(8,2) | YES  |     | NULL    |                |
+------------+--------------+------+-----+---------+----------------+
4 rows in set (0.00 sec)

mysql> \. C:\dbms\bankdb.sql
Query OK, 1 row affected (0.00 sec)

Query OK, 1 row affected (0.00 sec)

Query OK, 1 row affected (0.00 sec)

Query OK, 1 row affected (0.00 sec)

Query OK, 1 row affected (0.00 sec)

mysql> select * from worker;
+----------+------------+--------+----------+
| workerid | workername | city   | salary   |
+----------+------------+--------+----------+
|        1 | Paul       | Delhi  | 10000.00 |
|        2 | John       | Faarin | 20000.00 |
|        3 | Rodney     | York   | 15000.00 |
|        4 | Mark       | Queens | 35000.00 |
|        5 | Wayne      | Hills  |  5000.00 |
+----------+------------+--------+----------+
5 rows in set (0.00 sec)

mysql> \. C:\dbms\bankdb.sql
Query OK, 0 rows affected (0.06 sec)

mysql> show tables;
+------------------+
| Tables_in_bankdb |
+------------------+
| account          |
| borrower         |
| branch           |
| checking_account |
| cust_banker      |
| customer         |
| dependent_name   |
| depositor        |
| employee         |
| loan             |
| payment          |
| savings_account  |
| worker           |
| worker_log       |
| works_for        |
+------------------+
15 rows in set (0.00 sec)

mysql> desc worker_log;
+------------+-------------+------+-----+---------+-------+
| Field      | Type        | Null | Key | Default | Extra |
+------------+-------------+------+-----+---------+-------+
| workername | varchar(20) | YES  |     | NULL    |       |
| log_time   | time        | YES  |     | NULL    |       |
+------------+-------------+------+-----+---------+-------+
2 rows in set (0.00 sec)

mysql> \. C:\dbms\bankdb.sql
Query OK, 0 rows affected (0.05 sec)

mysql> show triggers;
+--------------+--------+--------+---------------------------------------------------------------------------------------------------+--------+------------------------+----------+----------------+----------------------+----------------------+--------------------+
| Trigger      | Event  | Table  | Statement                                                                                         | Timing | Created                | sql_mode | Definer        | character_set_client | collation_connection | Database Collation |
+--------------+--------+--------+---------------------------------------------------------------------------------------------------+--------+------------------------+----------+----------------+----------------------+----------------------+--------------------+
| Work_Trigger | INSERT | worker | BEGIN
   insert into worker_log(workername,log_time) values
   (new.workername,curtime());
   END | AFTER  | 2021-03-17 17:00:29.80 |          | root@localhost | cp850                | cp850_general_ci     | utf8mb4_0900_ai_ci |
+--------------+--------+--------+---------------------------------------------------------------------------------------------------+--------+------------------------+----------+----------------+----------------------+----------------------+--------------------+
1 row in set (0.00 sec)

mysql> \. C:\dbms\bankdb.sql
Query OK, 1 row affected (0.01 sec)

mysql> select * from worker;
+----------+------------+--------+----------+
| workerid | workername | city   | salary   |
+----------+------------+--------+----------+
|        1 | Paul       | Delhi  | 10000.00 |
|        2 | John       | Faarin | 20000.00 |
|        3 | Rodney     | York   | 15000.00 |
|        4 | Mark       | Queens | 35000.00 |
|        5 | Wayne      | Hills  |  5000.00 |
|        6 | Adam       | Mars   |  8000.00 |
+----------+------------+--------+----------+
6 rows in set (0.00 sec)

mysql> select * from worker_log;
+------------+----------+
| workername | log_time |
+------------+----------+
| Adam       | 17:07:14 |
+------------+----------+
1 row in set (0.00 sec)

mysql> select * from customer;
+-------------+---------------+-----------------+---------------+
| customer_id | customer_name | customer_street | customer_city |
+-------------+---------------+-----------------+---------------+
| CUS-00001   | Jones         | Main            | Harrison      |
| CUS-00002   | Smith         | Main            | Rye           |
| CUS-00003   | Hayes         | Main            | Harrison      |
| CUS-00004   | Curry         | North           | Rye           |
| CUS-00005   | Lindsay       | Park            | Pittsfield    |
| CUS-00006   | Turner        | Putnam          | Stamford      |
| CUS-00007   | Williams      | Nassau          | Princeton     |
| CUS-00008   | Adams         | Spring          | Pittsfield    |
| CUS-00009   | Johnson       | Alma            | Palo Alto     |
| CUS-00010   | Glenn         | Sand Hill       | Woodside      |
| CUS-00011   | Brooks        | Senator         | Brooklyn      |
| CUS-00012   | Green         | Walnut          | Stamford      |
| CUS-00013   | Jackson       | University      | Salt Lake     |
| CUS-00014   | Majeris       | First           | Rye           |
| CUS-00015   | McBride       | Safety          | Rye           |
+-------------+---------------+-----------------+---------------+
15 rows in set (0.00 sec)

mysql> select * from account;
+----------------+-------------+----------+--------+
| account_number | branch_name | balance  | status |
+----------------+-------------+----------+--------+
| A-101          | Downtown    | 50000.00 |        |
| A-215          | Mianus      |   700.00 |        |
| A-102          | Mianus      |   415.00 |        |
| A-305          | Round Hill  |   350.00 |        |
| A-201          | Perryridge  |  9002.00 |        |
| A-222          | Redwood     |  7050.00 |        |
| A-217          | Brighton    |   750.00 |        |
| A-333          | Central     |   850.00 |        |
| A-444          | North Town  |  6525.00 |        |
| A-555          | Downtown    | 10000.00 |        |
+----------------+-------------+----------+--------+
10 rows in set (0.00 sec)

mysql> \. C:\dbms\bankdb.sql
ERROR 1064 (42000): You have an error in your SQL syntax; check the manual that corresponds to your MySQL server version for the right syntax to use near '' at line 3
ERROR 1064 (42000): You have an error in your SQL syntax; check the manual that corresponds to your MySQL server version for the right syntax to use near ')' at line 1
ERROR 1064 (42000): You have an error in your SQL syntax; check the manual that corresponds to your MySQL server version for the right syntax to use near ';
   END' at line 6
mysql> \. C:\dbms\bankdb.sql
ERROR 1064 (42000): You have an error in your SQL syntax; check the manual that corresponds to your MySQL server version for the right syntax to use near '' at line 3
ERROR 1064 (42000): You have an error in your SQL syntax; check the manual that corresponds to your MySQL server version for the right syntax to use near ')' at line 1
Query OK, 0 rows affected (0.03 sec)

mysql> \. C:\dbms\bankdb.sql
ERROR 1064 (42000): You have an error in your SQL syntax; check the manual that corresponds to your MySQL server version for the right syntax to use near '' at line 3
ERROR 1064 (42000): You have an error in your SQL syntax; check the manual that corresponds to your MySQL server version for the right syntax to use near ')' at line 1
mysql> \. C:\dbms\bankdb.sql
ERROR 1064 (42000): You have an error in your SQL syntax; check the manual that corresponds to your MySQL server version for the right syntax to use near '' at line 3
ERROR 1064 (42000): You have an error in your SQL syntax; check the manual that corresponds to your MySQL server version for the right syntax to use near ')' at line 1
mysql> \. C:\dbms\bankdb.sql
ERROR 1064 (42000): You have an error in your SQL syntax; check the manual that corresponds to your MySQL server version for the right syntax to use near '' at line 3
ERROR 1064 (42000): You have an error in your SQL syntax; check the manual that corresponds to your MySQL server version for the right syntax to use near ')' at line 1
mysql> \. C:\dbms\bankdb.sql
Query OK, 0 rows affected (0.05 sec)

mysql> desc bonus;
+-------------+--------------+------+-----+---------+-------+
| Field       | Type         | Null | Key | Default | Extra |
+-------------+--------------+------+-----+---------+-------+
| customer_id | varchar(15)  | YES  |     | NULL    |       |
| cust_bonus  | decimal(8,2) | YES  |     | NULL    |       |
+-------------+--------------+------+-----+---------+-------+
2 rows in set (0.00 sec)

mysql> \. C:\dbms\bankdb.sql
ERROR 1359 (HY000): Trigger already exists
mysql> show triggers;
+---------------+--------+----------+---------------------------------------------------------------------------------------------------+--------+------------------------+----------+----------------+----------------------+----------------------+--------------------+
| Trigger       | Event  | Table    | Statement                                                                                         | Timing | Created                | sql_mode | Definer        | character_set_client | collation_connection | Database Collation |
+---------------+--------+----------+---------------------------------------------------------------------------------------------------+--------+------------------------+----------+----------------+----------------------+----------------------+--------------------+
| bonus_Trigger | INSERT | customer | BEGIN
   insert into bonus(customer_id, cust_bonus) values
   (new.customer_id,1000.00);
   END   | AFTER  | 2021-03-17 17:48:58.98 |          | root@localhost | cp850                | cp850_general_ci     | utf8mb4_0900_ai_ci |
| Work_Trigger  | INSERT | worker   | BEGIN
   insert into worker_log(workername,log_time) values
   (new.workername,curtime());
   END | AFTER  | 2021-03-17 17:00:29.80 |          | root@localhost | cp850                | cp850_general_ci     | utf8mb4_0900_ai_ci |
+---------------+--------+----------+---------------------------------------------------------------------------------------------------+--------+------------------------+----------+----------------+----------------------+----------------------+--------------------+
2 rows in set (0.00 sec)

mysql> \. C:\dbms\bankdb.sql
Query OK, 1 row affected (0.00 sec)

mysql> select * from customers;
ERROR 1146 (42S02): Table 'bankdb.customers' doesn't exist
mysql> select * from customer;
+-------------+---------------+-----------------+---------------+
| customer_id | customer_name | customer_street | customer_city |
+-------------+---------------+-----------------+---------------+
| CUS-00001   | Jones         | Main            | Harrison      |
| CUS-00002   | Smith         | Main            | Rye           |
| CUS-00003   | Hayes         | Main            | Harrison      |
| CUS-00004   | Curry         | North           | Rye           |
| CUS-00005   | Lindsay       | Park            | Pittsfield    |
| CUS-00006   | Turner        | Putnam          | Stamford      |
| CUS-00007   | Williams      | Nassau          | Princeton     |
| CUS-00008   | Adams         | Spring          | Pittsfield    |
| CUS-00009   | Johnson       | Alma            | Palo Alto     |
| CUS-00010   | Glenn         | Sand Hill       | Woodside      |
| CUS-00011   | Brooks        | Senator         | Brooklyn      |
| CUS-00012   | Green         | Walnut          | Stamford      |
| CUS-00013   | Jackson       | University      | Salt Lake     |
| CUS-00014   | Majeris       | First           | Rye           |
| CUS-00015   | McBride       | Safety          | Rye           |
| CUS-00016   | Akio          | Trinity         | Seven         |
+-------------+---------------+-----------------+---------------+
16 rows in set (0.00 sec)

mysql> select * from bonus;
+-------------+------------+
| customer_id | cust_bonus |
+-------------+------------+
| CUS-00016   |    1000.00 |
+-------------+------------+
1 row in set (0.00 sec)

mysql> \. C:\dbms\bankdb.sql
Query OK, 1 row affected (0.00 sec)

Query OK, 1 row affected (0.00 sec)

Query OK, 1 row affected (0.00 sec)

mysql> select * from bonus;
+-------------+------------+
| customer_id | cust_bonus |
+-------------+------------+
| CUS-00016   |    1000.00 |
| CUS-00017   |    1000.00 |
| CUS-00018   |    1000.00 |
| CUS-00019   |    1000.00 |
+-------------+------------+
4 rows in set (0.00 sec)

mysql> select * from customer;
+-------------+---------------+-----------------+---------------+
| customer_id | customer_name | customer_street | customer_city |
+-------------+---------------+-----------------+---------------+
| CUS-00001   | Jones         | Main            | Harrison      |
| CUS-00002   | Smith         | Main            | Rye           |
| CUS-00003   | Hayes         | Main            | Harrison      |
| CUS-00004   | Curry         | North           | Rye           |
| CUS-00005   | Lindsay       | Park            | Pittsfield    |
| CUS-00006   | Turner        | Putnam          | Stamford      |
| CUS-00007   | Williams      | Nassau          | Princeton     |
| CUS-00008   | Adams         | Spring          | Pittsfield    |
| CUS-00009   | Johnson       | Alma            | Palo Alto     |
| CUS-00010   | Glenn         | Sand Hill       | Woodside      |
| CUS-00011   | Brooks        | Senator         | Brooklyn      |
| CUS-00012   | Green         | Walnut          | Stamford      |
| CUS-00013   | Jackson       | University      | Salt Lake     |
| CUS-00014   | Majeris       | First           | Rye           |
| CUS-00015   | McBride       | Safety          | Rye           |
| CUS-00016   | Akio          | Trinity         | Seven         |
| CUS-00017   | Arata         | Brooklyn        | Tropics       |
| CUS-00018   | Lillith       | Archivia        | Mage          |
| CUS-00019   | Maki          | Zenin           | Kaisen        |
+-------------+---------------+-----------------+---------------+
19 rows in set (0.00 sec)

mysql> 
